{"result": {"history_size": 4, "folders": ["课堂问答"], "nr": 1524, "data": {"embed_links": []}, "created": "2021-04-20T06:54:54Z", "bucket_order": 3, "no_answer_followup": 1, "change_log": [{"anon": "no", "uid": "kmn3ap5pf8l3b2", "data": "knpo9q8p4qf6x6", "v": "all", "type": "create", "when": "2021-04-20T06:54:54Z"}, {"anon": "no", "uid": "kker3fspnhl7go", "data": "knskzhe7chu4l3", "to": "knpo9q8nsg86x5", "type": "s_answer", "when": "2021-04-22T07:46:16Z"}, {"anon": "no", "uid": "kmn3ap5pf8l3b2", "data": "kny1uip5kjv6n2", "type": "s_answer_update", "when": "2021-04-26T03:37:09Z"}, {"anon": "no", "uid": "kmn3ap5pf8l3b2", "data": "kny1uqzkgsk6sq", "type": "update", "when": "2021-04-26T03:37:19Z"}, {"anon": "no", "uid": "kmn3ap5pf8l3b2", "to": "knpo9q8nsg86x5", "type": "followup", "when": "2021-04-26T03:37:46Z", "cid": "kny1vbgo89g767"}, {"anon": "no", "uid": "kker3fspnhl7go", "to": "knpo9q8nsg86x5", "type": "feedback", "when": "2021-04-27T16:17:27Z", "cid": "ko08g4tjspmpl"}, {"anon": "no", "uid": "kmn3ap5pf8l3b2", "to": "knpo9q8nsg86x5", "type": "feedback", "when": "2021-04-28T14:47:02Z", "cid": "ko1knpl8itp6x7"}, {"anon": "no", "uid": "kker3fspnhl7go", "to": "knpo9q8nsg86x5", "type": "feedback", "when": "2021-04-28T15:06:53Z", "cid": "ko1ld8f4gej361"}, {"anon": "no", "uid": "kmn3ap5pf8l3b2", "to": "knpo9q8nsg86x5", "type": "feedback", "when": "2021-04-30T09:13:19Z", "cid": "ko43m8kzleh3gv"}, {"anon": "no", "uid": "kqjdfwhl3xo7cw", "data": "krg2qq1z4mf2np", "type": "update", "when": "2021-07-23T08:21:09Z"}, {"anon": "no", "uid": "kqjdfwhl3xo7cw", "data": "krg2qstsoo62q5", "type": "update", "when": "2021-07-23T08:21:13Z"}], "bucket_name": "Today", "history": [{"anon": "no", "uid": "kqjdfwhl3xo7cw", "subject": "关于 e820map 结构信息的疑问", "created": "2021-07-23T08:21:13Z", "content": "<p></p>\n<blockquote>\n<p>e820map:<br />memory: 0009fc00, [00000000, 0009fbff], type = 1.</p>\n<p>memory: 00000400, [0009fc00, 0009ffff], type = 2.<br />memory: 00010000, [000f0000, 000fffff], type = 2.<br />memory: 07ee0000, [00100000, 07fdffff], type = 1.<br />memory: 00020000, [07fe0000, 07ffffff], type = 2.<br />memory: 00040000, [fffc0000, ffffffff], type = 2.</p>\n</blockquote>\n<p>为什么 e820 map  没有 0x08000000 -0xefffffff  的内存地址信息&#xff1f; 为什么e820的值nr_map =6 而用dmesg | grep e820 命令会显示 所有的地址&#xff1f; 以下是显示结果</p>\n<p>[    0.000000] e820: BIOS-provided physical RAM map:<br />[    0.000000] BIOS-e820: [mem 0x0000000000000000-0x000000000009fbff] usable<br />[    0.000000] BIOS-e820: [mem 0x000000000009fc00-0x000000000009ffff] reserved<br />[    0.000000] BIOS-e820: [mem 0x00000000000f0000-0x00000000000fffff] reserved<br />[    0.000000] BIOS-e820: [mem 0x0000000000100000-0x00000000dffeffff] usable<br />[    0.000000] BIOS-e820: [mem 0x00000000dfff0000-0x00000000dfffffff] ACPI data<br />[    0.000000] BIOS-e820: [mem 0x00000000fec00000-0x00000000fec00fff] reserved<br />[    0.000000] BIOS-e820: [mem 0x00000000fee00000-0x00000000fee00fff] reserved<br />[    0.000000] BIOS-e820: [mem 0x00000000fffc0000-0x00000000ffffffff] reserved<br />[    0.000000] BIOS-e820: [mem 0x0000000100000000-0x000000041fffffff] usable<br />[    0.000000] e820: update [mem 0x00000000-0x00000fff] usable ==&gt; reserved<br />[    0.000000] e820: remove [mem 0x000a0000-0x000fffff] usable<br />[    0.000000] e820: last_pfn = 0x420000 max_arch_pfn = 0x400000000<br />[    0.000000] e820: last_pfn = 0xdfff0 max_arch_pfn = 0x400000000<br />[    3.566737] e820: [mem 0xe0000000-0xfebfffff] available for PCI devices<br />[    4.107508] e820: reserve RAM buffer [mem 0x0009fc00-0x0009ffff]<br />[    4.107509] e820: reserve RAM buffer [mem 0xdfff0000-0xdfffffff]</p>"}, {"anon": "no", "uid": "kqjdfwhl3xo7cw", "subject": "关于 e820map 结构信息的疑问", "created": "2021-07-23T08:21:09Z", "content": "<p></p>\n<blockquote>\n<p>e820map:<br />memory: 0009fc00, [00000000, 0009fbff], type = 1.</p>\n<p>memory: 00000400, [0009fc00, 0009ffff], type = 2.<br />memory: 00010000, [000f0000, 000fffff], type = 2.<br />memory: 07ee0000, [00100000, 07fdffff], type = 1.<br />memory: 00020000, [07fe0000, 07ffffff], type = 2.<br />memory: 00040000, [fffc0000, ffffffff], type = 2.</p>\n</blockquote>\n<p>为什么 e820 map  没有 0x08000000 -0xefffffff  的内存地址信息&#xff1f; 为什么e820的值nr_map =6 而用dmesg | grep e820 命令会显示 所有的地址&#xff1f; 以下是显示结果</p>\n<p>[    0.000000] e820: BIOS-provided physical RAM map:<br />[    0.000000] BIOS-e820: [mem 0x0000000000000000-0x000000000009fbff] usable<br />[    0.000000] BIOS-e820: [mem 0x000000000009fc00-0x000000000009ffff] reserved<br />[    0.000000] BIOS-e820: [mem 0x00000000000f0000-0x00000000000fffff] reserved<br />[    0.000000] BIOS-e820: [mem 0x0000000000100000-0x00000000dffeffff] usable<br />[    0.000000] BIOS-e820: [mem 0x00000000dfff0000-0x00000000dfffffff] ACPI data<br />[    0.000000] BIOS-e820: [mem 0x00000000fec00000-0x00000000fec00fff] reserved<br />[    0.000000] BIOS-e820: [mem 0x00000000fee00000-0x00000000fee00fff] reserved<br />[    0.000000] BIOS-e820: [mem 0x00000000fffc0000-0x00000000ffffffff] reserved<br />[    0.000000] BIOS-e820: [mem 0x0000000100000000-0x000000041fffffff] usable<br />[    0.000000] e820: update [mem 0x00000000-0x00000fff] usable ==&gt; reserved<br />[    0.000000] e820: remove [mem 0x000a0000-0x000fffff] usable<br />[    0.000000] e820: last_pfn = 0x420000 max_arch_pfn = 0x400000000<br />[    0.000000] e820: last_pfn = 0xdfff0 max_arch_pfn = 0x400000000<br />[    3.566737] e820: [mem 0xe0000000-0xfebfffff] available for PCI devices<br />[    4.107508] e820: reserve RAM buffer [mem 0x0009fc00-0x0009ffff]<br />[    4.107509] e820: reserve RAM buffer [mem 0xdfff0000-0xdfffffff]</p>"}, {"anon": "no", "uid": "kmn3ap5pf8l3b2", "subject": "关于 e820map 结构信息的疑问", "created": "2021-04-26T03:37:19Z", "content": "<p></p>\n<blockquote>\n<p>e820map:<br />memory: 0009fc00, [00000000, 0009fbff], type = 1.</p>\n<p>memory: 00000400, [0009fc00, 0009ffff], type = 2.<br />memory: 00010000, [000f0000, 000fffff], type = 2.<br />memory: 07ee0000, [00100000, 07fdffff], type = 1.<br />memory: 00020000, [07fe0000, 07ffffff], type = 2.<br />memory: 00040000, [fffc0000, ffffffff], type = 2.</p>\n</blockquote>\n<p>为什么 e820 map  没有 0x08000000 -0xefffffff  的内存地址信息&#xff1f; 为什么e820的值nr_map =6 而用dmesg | grep e820 命令会显示 所有的地址&#xff1f; 以下是显示结果</p>\n<p>[    0.000000] e820: BIOS-provided physical RAM map:<br />[    0.000000] BIOS-e820: [mem 0x0000000000000000-0x000000000009fbff] usable<br />[    0.000000] BIOS-e820: [mem 0x000000000009fc00-0x000000000009ffff] reserved<br />[    0.000000] BIOS-e820: [mem 0x00000000000f0000-0x00000000000fffff] reserved<br />[    0.000000] BIOS-e820: [mem 0x0000000000100000-0x00000000dffeffff] usable<br />[    0.000000] BIOS-e820: [mem 0x00000000dfff0000-0x00000000dfffffff] ACPI data<br />[    0.000000] BIOS-e820: [mem 0x00000000fec00000-0x00000000fec00fff] reserved<br />[    0.000000] BIOS-e820: [mem 0x00000000fee00000-0x00000000fee00fff] reserved<br />[    0.000000] BIOS-e820: [mem 0x00000000fffc0000-0x00000000ffffffff] reserved<br />[    0.000000] BIOS-e820: [mem 0x0000000100000000-0x000000041fffffff] usable<br />[    0.000000] e820: update [mem 0x00000000-0x00000fff] usable ==&gt; reserved<br />[    0.000000] e820: remove [mem 0x000a0000-0x000fffff] usable<br />[    0.000000] e820: last_pfn = 0x420000 max_arch_pfn = 0x400000000<br />[    0.000000] e820: last_pfn = 0xdfff0 max_arch_pfn = 0x400000000<br />[    3.566737] e820: [mem 0xe0000000-0xfebfffff] available for PCI devices<br />[    4.107508] e820: reserve RAM buffer [mem 0x0009fc00-0x0009ffff]<br />[    4.107509] e820: reserve RAM buffer [mem 0xdfff0000-0xdfffffff]</p>"}, {"anon": "no", "uid": "kmn3ap5pf8l3b2", "subject": "关于 e820map 结构信息的疑问", "created": "2021-04-20T06:54:54Z", "content": "<p></p>\n<blockquote>\n<p>e820map:<br />memory: 0009fc00, [00000000, 0009fbff], type = 1.</p>\n<p>memory: 00000400, [0009fc00, 0009ffff], type = 2.<br />memory: 00010000, [000f0000, 000fffff], type = 2.<br />memory: 07ee0000, [00100000, 07fdffff], type = 1.<br />memory: 00020000, [07fe0000, 07ffffff], type = 2.<br />memory: 00040000, [fffc0000, ffffffff], type = 2.</p>\n</blockquote>\n<p>为什么 e820 map  没有 0x08000000 -0xefffffff  的内存地址信息&#xff1f; 为什么e820的值nr_map =6 而用dmesg | grep e820 命令会显示 所有的地址&#xff1f; 以下是显示结果</p>\n<p>[    0.000000] e820: BIOS-provided physical RAM map:<br />[    0.000000] BIOS-e820: [mem 0x0000000000000000-0x000000000009fbff] usable<br />[    0.000000] BIOS-e820: [mem 0x000000000009fc00-0x000000000009ffff] reserved<br />[    0.000000] BIOS-e820: [mem 0x00000000000f0000-0x00000000000fffff] reserved<br />[    0.000000] BIOS-e820: [mem 0x0000000000100000-0x00000000dffeffff] usable<br />[    0.000000] BIOS-e820: [mem 0x00000000dfff0000-0x00000000dfffffff] ACPI data<br />[    0.000000] BIOS-e820: [mem 0x00000000fec00000-0x00000000fec00fff] reserved<br />[    0.000000] BIOS-e820: [mem 0x00000000fee00000-0x00000000fee00fff] reserved<br />[    0.000000] BIOS-e820: [mem 0x00000000fffc0000-0x00000000ffffffff] reserved<br />[    0.000000] BIOS-e820: [mem 0x0000000100000000-0x000000041fffffff] usable<br />[    0.000000] e820: update [mem 0x00000000-0x00000fff] usable ==&gt; reserved<br />[    0.000000] e820: remove [mem 0x000a0000-0x000fffff] usable<br />[    0.000000] e820: last_pfn = 0x420000 max_arch_pfn = 0x400000000<br />[    0.000000] e820: last_pfn = 0xdfff0 max_arch_pfn = 0x400000000<br />[    3.566737] e820: [mem 0xe0000000-0xfebfffff] available for PCI devices<br />[    4.107508] e820: reserve RAM buffer [mem 0x0009fc00-0x0009ffff]<br />[    4.107509] e820: reserve RAM buffer [mem 0xdfff0000-0xdfffffff]</p>"}], "type": "question", "tags": ["student", "课堂问答"], "tag_good": [], "unique_views": 178, "children": [{"history_size": 2, "folders": [], "data": {"embed_links": []}, "created": "2021-04-22T07:46:16Z", "bucket_order": 3, "tag_endorse": [], "bucket_name": "Today", "history": [{"anon": "no", "uid": "kmn3ap5pf8l3b2", "subject": "", "created": "2021-04-26T03:37:09Z", "content": "<blockquote>dmesg | grep e820 显示的是宿主系统的信息&#xff0c;ucore是跑在qemu构造的虚拟机上&#xff0c;板子是qemu-system-i386。</blockquote>\n<blockquote></blockquote>\n<p></p>"}, {"anon": "no", "uid": "kker3fspnhl7go", "subject": "", "created": "2021-04-22T07:46:16Z", "content": "<blockquote>dmesg | grep e820 显示的是宿主系统的信息&#xff0c;ucore是跑在qemu构造的虚拟机上&#xff0c;板子是qemu-system-i386。</blockquote>"}], "type": "s_answer", "tag_endorse_arr": [], "children": [], "id": "knskzhe4f2h4l2", "config": {"editor": "rte"}, "is_tag_endorse": false}, {"anon": "no", "folders": [], "data": {"embed_links": null}, "no_upvotes": 0, "subject": "<p>vanj wrote:</p>\n<blockquote>dmesg | grep e820 显示的是宿主系统的信息&#xff0c;ucore是跑在qemu构造的虚拟机上&#xff0c;板子是qemu-system-i386。</blockquote>\n<p>那请问 0x08000000 -0xefffffff  的内存地址信息 为什么没有在e820map 这里存储呢&#xff1f;还说另有相关内容的存储结构&#xff1f;</p>", "created": "2021-04-26T03:37:46Z", "bucket_order": 18, "bucket_name": "Week 4/25 - 5/1", "type": "followup", "tag_good": [], "uid": "kmn3ap5pf8l3b2", "children": [{"anon": "no", "folders": [], "data": {"embed_links": null}, "subject": "<p>猜测是映射给了IO地址或者被保留了。</p>\n<p>但是我有个疑惑的地方是&#xff1a;在Makefile文件中启动qemu&#xff0c;即没有指定-machine参数&#xff0c;也没指定-cpu。</p>", "created": "2021-04-27T16:17:27Z", "bucket_order": 18, "bucket_name": "Week 4/25 - 5/1", "type": "feedback", "tag_good": [], "uid": "kker3fspnhl7go", "children": [], "tag_good_arr": [], "id": "ko08g4tjspmpl", "updated": "2021-04-27T16:17:27Z", "config": {"editor": "rte"}}, {"anon": "no", "folders": [], "data": {"embed_links": null}, "subject": "<p>用$(info,变量名) 调试 就会看到 qemu 的参数了 不知道你用的哪个makefile文件</p>\n<p>ifndef QEMU<br />QEMU := $(shell if which qemu-system-i386 &gt; /dev/null; \\<br /> then echo &#39;qemu-system-i386&#39;; exit; \\<br /> elif which i386-elf-qemu &gt; /dev/null; \\<br /> then echo &#39;i386-elf-qemu&#39;; exit; \\<br /> elif which qemu &gt; /dev/null; \\<br /> then echo &#39;qemu&#39;; exit; \\<br /> else \\<br /> echo &#34;***&#34; 1&gt;&amp;2; \\<br /> echo &#34;*** Error: Couldn&#39;t find a working QEMU executable.&#34; 1&gt;&amp;2; \\<br /> echo &#34;*** Is the directory containing the qemu binary in your PATH&#34; 1&gt;&amp;2; \\<br /> echo &#34;***&#34; 1&gt;&amp;2; exit 1; fi)<br />endif</p>\n<p></p>\n<p>这个指定了 cpu的版本了</p>", "created": "2021-04-28T14:47:02Z", "bucket_order": 18, "bucket_name": "Week 4/25 - 5/1", "type": "feedback", "tag_good": [], "uid": "kmn3ap5pf8l3b2", "children": [], "tag_good_arr": [], "id": "ko1knpl8itp6x7", "updated": "2021-04-28T14:47:02Z", "config": {"editor": "rte"}}, {"anon": "no", "folders": [], "data": {"embed_links": null}, "subject": "<p>[~/moocos/ucore_lab/labcodes/lab5]<br />moocos-&gt; make qemu V=<br />qemu-system-i386 -parallel stdio -hda bin/ucore.img -drive file=bin/swap.img,media=disk,cache=writeback -serial null<br />(THU.CST) os is loading ...</p>\n<p></p>\n<p>我在做lab5&#xff0c;加 V= 参数&#xff0c;可以看出确实没指定。</p>\n<p>qemu-system-i386 --help 中也没说 -machine -cpu 有默认值。</p>\n<p></p>", "created": "2021-04-28T15:06:53Z", "bucket_order": 18, "bucket_name": "Week 4/25 - 5/1", "type": "feedback", "tag_good": [], "uid": "kker3fspnhl7go", "children": [], "tag_good_arr": [], "id": "ko1ld8f4gej361", "updated": "2021-04-28T15:06:53Z", "config": {"editor": "rte"}}, {"anon": "no", "folders": [], "data": {"embed_links": null}, "subject": "<p>-machine [type=]name[,prop[=value][,...]]<br />                selects emulated machine (&#39;-machine help&#39; for list)<br />                property accel=accel1[:accel2[:...]] selects accelerator<br />                supported accelerators are kvm, xen, tcg (default: tcg)</p>\n<blockquote></blockquote>\n<p></p>\n<p></p>\n<blockquote>qemu-system-i386   兼容i386 的都可以</blockquote>", "created": "2021-04-30T09:13:19Z", "bucket_order": 18, "bucket_name": "Week 4/25 - 5/1", "type": "feedback", "tag_good": [], "uid": "kmn3ap5pf8l3b2", "children": [], "tag_good_arr": [], "id": "ko43m8kzleh3gv", "updated": "2021-04-30T09:13:19Z", "config": {"editor": "rte"}}], "tag_good_arr": [], "no_answer": 1, "id": "kny1vbgo89g767", "updated": "2021-04-26T03:37:46Z", "config": {"editor": "rte"}}], "tag_good_arr": [], "no_answer": 0, "id": "knpo9q8nsg86x5", "config": {"editor": "rte", "seen": {"444": 5, "1333": 7, "942": 9, "229": 1, "1251": 6, "490": 8, "639": 0, "1381": 2, "939": 3, "1119": 4}, "has_emails_sent": 1}, "status": "active", "drafts": null, "request_instructor": 0, "request_instructor_me": false, "bookmarked": 3, "num_favorites": 0, "my_favorite": false, "is_bookmarked": false, "is_tag_good": false, "q_edits": [], "i_edits": [], "s_edits": [], "t": 1643170263573, "default_anonymity": "no"}, "error": null, "aid": "kyv15dsl2uza3"}